// Jest Snapshot v1, https://goo.gl/fbAQLP

exports[`OtpInput UI should render correctly 1`] = `
<View
  style={
    [
      {
        "flexDirection": "row",
      },
      undefined,
    ]
  }
>
  <View
    style={
      [
        {
          "flex": 1,
          "flexDirection": "row",
          "justifyContent": "space-between",
        },
        undefined,
      ]
    }
  >
    <View
      accessibilityState={
        {
          "busy": undefined,
          "checked": undefined,
          "disabled": undefined,
          "expanded": undefined,
          "selected": undefined,
        }
      }
      accessibilityValue={
        {
          "max": undefined,
          "min": undefined,
          "now": undefined,
          "text": undefined,
        }
      }
      accessible={true}
      collapsable={false}
      focusable={true}
      onBlur={[Function]}
      onClick={[Function]}
      onFocus={[Function]}
      onResponderGrant={[Function]}
      onResponderMove={[Function]}
      onResponderRelease={[Function]}
      onResponderTerminate={[Function]}
      onResponderTerminationRequest={[Function]}
      onStartShouldSetResponder={[Function]}
      style={
        [
          {
            "alignItems": "center",
            "borderColor": "#DFDFDE",
            "borderRadius": 12,
            "borderWidth": 1,
            "height": 60,
            "justifyContent": "center",
            "width": 44,
          },
          undefined,
          {
            "borderColor": "#A4D0A4",
          },
        ]
      }
      testID="otp-input"
    >
      <View
        collapsable={false}
        style={
          {
            "opacity": 1,
          }
        }
      >
        <View
          style={
            [
              {
                "backgroundColor": "green",
                "height": 30,
                "width": 2,
              },
              {
                "backgroundColor": "#A4D0A4",
              },
              undefined,
            ]
          }
          testID="otp-input-stick"
        />
      </View>
    </View>
    <View
      accessibilityState={
        {
          "busy": undefined,
          "checked": undefined,
          "disabled": undefined,
          "expanded": undefined,
          "selected": undefined,
        }
      }
      accessibilityValue={
        {
          "max": undefined,
          "min": undefined,
          "now": undefined,
          "text": undefined,
        }
      }
      accessible={true}
      collapsable={false}
      focusable={true}
      onBlur={[Function]}
      onClick={[Function]}
      onFocus={[Function]}
      onResponderGrant={[Function]}
      onResponderMove={[Function]}
      onResponderRelease={[Function]}
      onResponderTerminate={[Function]}
      onResponderTerminationRequest={[Function]}
      onStartShouldSetResponder={[Function]}
      style={
        [
          {
            "alignItems": "center",
            "borderColor": "#DFDFDE",
            "borderRadius": 12,
            "borderWidth": 1,
            "height": 60,
            "justifyContent": "center",
            "width": 44,
          },
          undefined,
        ]
      }
      testID="otp-input"
    >
      <Text
        style={
          [
            {
              "fontSize": 28,
            },
            undefined,
          ]
        }
      />
    </View>
    <View
      accessibilityState={
        {
          "busy": undefined,
          "checked": undefined,
          "disabled": undefined,
          "expanded": undefined,
          "selected": undefined,
        }
      }
      accessibilityValue={
        {
          "max": undefined,
          "min": undefined,
          "now": undefined,
          "text": undefined,
        }
      }
      accessible={true}
      collapsable={false}
      focusable={true}
      onBlur={[Function]}
      onClick={[Function]}
      onFocus={[Function]}
      onResponderGrant={[Function]}
      onResponderMove={[Function]}
      onResponderRelease={[Function]}
      onResponderTerminate={[Function]}
      onResponderTerminationRequest={[Function]}
      onStartShouldSetResponder={[Function]}
      style={
        [
          {
            "alignItems": "center",
            "borderColor": "#DFDFDE",
            "borderRadius": 12,
            "borderWidth": 1,
            "height": 60,
            "justifyContent": "center",
            "width": 44,
          },
          undefined,
        ]
      }
      testID="otp-input"
    >
      <Text
        style={
          [
            {
              "fontSize": 28,
            },
            undefined,
          ]
        }
      />
    </View>
    <View
      accessibilityState={
        {
          "busy": undefined,
          "checked": undefined,
          "disabled": undefined,
          "expanded": undefined,
          "selected": undefined,
        }
      }
      accessibilityValue={
        {
          "max": undefined,
          "min": undefined,
          "now": undefined,
          "text": undefined,
        }
      }
      accessible={true}
      collapsable={false}
      focusable={true}
      onBlur={[Function]}
      onClick={[Function]}
      onFocus={[Function]}
      onResponderGrant={[Function]}
      onResponderMove={[Function]}
      onResponderRelease={[Function]}
      onResponderTerminate={[Function]}
      onResponderTerminationRequest={[Function]}
      onStartShouldSetResponder={[Function]}
      style={
        [
          {
            "alignItems": "center",
            "borderColor": "#DFDFDE",
            "borderRadius": 12,
            "borderWidth": 1,
            "height": 60,
            "justifyContent": "center",
            "width": 44,
          },
          undefined,
        ]
      }
      testID="otp-input"
    >
      <Text
        style={
          [
            {
              "fontSize": 28,
            },
            undefined,
          ]
        }
      />
    </View>
    <View
      accessibilityState={
        {
          "busy": undefined,
          "checked": undefined,
          "disabled": undefined,
          "expanded": undefined,
          "selected": undefined,
        }
      }
      accessibilityValue={
        {
          "max": undefined,
          "min": undefined,
          "now": undefined,
          "text": undefined,
        }
      }
      accessible={true}
      collapsable={false}
      focusable={true}
      onBlur={[Function]}
      onClick={[Function]}
      onFocus={[Function]}
      onResponderGrant={[Function]}
      onResponderMove={[Function]}
      onResponderRelease={[Function]}
      onResponderTerminate={[Function]}
      onResponderTerminationRequest={[Function]}
      onStartShouldSetResponder={[Function]}
      style={
        [
          {
            "alignItems": "center",
            "borderColor": "#DFDFDE",
            "borderRadius": 12,
            "borderWidth": 1,
            "height": 60,
            "justifyContent": "center",
            "width": 44,
          },
          undefined,
        ]
      }
      testID="otp-input"
    >
      <Text
        style={
          [
            {
              "fontSize": 28,
            },
            undefined,
          ]
        }
      />
    </View>
    <View
      accessibilityState={
        {
          "busy": undefined,
          "checked": undefined,
          "disabled": undefined,
          "expanded": undefined,
          "selected": undefined,
        }
      }
      accessibilityValue={
        {
          "max": undefined,
          "min": undefined,
          "now": undefined,
          "text": undefined,
        }
      }
      accessible={true}
      collapsable={false}
      focusable={true}
      onBlur={[Function]}
      onClick={[Function]}
      onFocus={[Function]}
      onResponderGrant={[Function]}
      onResponderMove={[Function]}
      onResponderRelease={[Function]}
      onResponderTerminate={[Function]}
      onResponderTerminationRequest={[Function]}
      onStartShouldSetResponder={[Function]}
      style={
        [
          {
            "alignItems": "center",
            "borderColor": "#DFDFDE",
            "borderRadius": 12,
            "borderWidth": 1,
            "height": 60,
            "justifyContent": "center",
            "width": 44,
          },
          undefined,
        ]
      }
      testID="otp-input"
    >
      <Text
        style={
          [
            {
              "fontSize": 28,
            },
            undefined,
          ]
        }
      />
    </View>
  </View>
  <TextInput
    autoComplete="one-time-code"
    autoFocus={true}
    editable={true}
    inputMode="numeric"
    keyboardType="numeric"
    maxLength={6}
    onChangeText={[Function]}
    secureTextEntry={false}
    style={
      {
        "bottom": 0,
        "left": 0,
        "opacity": 0.01,
        "position": "absolute",
        "right": 0,
        "top": 0,
      }
    }
    testID="otp-input-hidden"
    textContentType="oneTimeCode"
    value=""
  />
</View>
`;
